
> react-example@0.1.0 build
> vite build

vite v6.4.3 building for production...
transforming...
✓ 2272 modules transformed.
rendering chunks...
computing gzip size...
dist/assets/hostClock.worker-BZUVNM8e.js               0.19 kB
dist/index.html                                        0.86 kB │ gzip:   0.40 kB
dist/assets/frontierVegetation.worker-BqQFq96H.js     34.81 kB
dist/assets/friendsTerrain.worker-oHqJr_c9.js         43.39 kB
dist/assets/friendsSurface.worker-BTMgJ18Q.js         44.46 kB
dist/assets/friendsHorizon.worker-DAW1yG7i.js         44.56 kB
dist/assets/index-7v_gRolL.css                       329.97 kB │ gzip:  49.23 kB
dist/assets/FriendsMenuScene-DBP8nkVd.js               5.24 kB │ gzip:   2.29 kB
dist/assets/index-giSujdUY.js                      2,871.57 kB │ gzip: 828.36 kB

(!) Some chunks are larger than 500 kB after minification. Consider:
- Using dynamic import() to code-split the application
- Use build.rollupOptions.output.manualChunks to improve chunking: https://rollupjs.org/configuration-options/#output-manualchunks
- Adjust chunk size limit for this warning via build.chunkSizeWarningLimit.
✓ built in 5.49s
