
 RUN  v4.1.11 /Users/kevin/PROJECTS/vampire-survivors-2026

 ❯ src/game/multiplayer/FriendsCastleCargo.test.ts (2 tests | 1 failed) 39274ms
     × solo hauls the Watchfire core up the entire castle approach, through the gate and into its courtyard bay 39109ms
 ❯ src/game/multiplayer/FriendsSwimming.test.ts (10 tests | 1 failed) 8187ms
     × keeps host and guest diving below the old recovery plane and lets them return from the abyss 5997ms

⎯⎯⎯⎯⎯⎯⎯ Failed Tests 2 ⎯⎯⎯⎯⎯⎯⎯

 FAIL  src/game/multiplayer/FriendsCastleCargo.test.ts > exact castle cargo support > solo hauls the Watchfire core up the entire castle approach, through the gate and into its courtyard bay
Error: Test timed out in 20000ms.
If this is a long-running test, pass a timeout value as the last argument or configure it globally with "testTimeout".
 ❯ src/game/multiplayer/FriendsCastleCargo.test.ts:27:3
     25|     expect(physics.world.bodies.length).toBeLessThan(400);
     26|   });
     27|   it('solo hauls the Watchfire core up the entire castle approach, thr…
       |   ^
     28|     const sim=new FriendsSimulation([{id:'host',label:'Host',color:'#f…
     29|     const cargo=sim['friends']!.hauling.getCargo()[1],player=sim['play…

⎯⎯⎯⎯⎯⎯⎯⎯⎯⎯⎯⎯⎯⎯⎯⎯⎯⎯⎯⎯⎯⎯⎯⎯[1/2]⎯

 FAIL  src/game/multiplayer/FriendsSwimming.test.ts > frontier swimming and diving > keeps host and guest diving below the old recovery plane and lets them return from the abyss
Error: Test timed out in 5000ms.
If this is a long-running test, pass a timeout value as the last argument or configure it globally with "testTimeout".
 ❯ src/game/multiplayer/FriendsSwimming.test.ts:65:3
     63|     snapshot=sim.createSnapshot().players[0];expect(snapshot.z).toBeCl…
     64|   });
     65|   it('keeps host and guest diving below the old recovery plane and let…
       |   ^
     66|     const sim=new FriendsSimulation([{id:'host',label:'Host',color:'#f…
     67|     const players=(sim as unknown as {players:Map<string,PlayerMotionS…

⎯⎯⎯⎯⎯⎯⎯⎯⎯⎯⎯⎯⎯⎯⎯⎯⎯⎯⎯⎯⎯⎯⎯⎯[2/2]⎯


 Test Files  2 failed | 231 passed (233)
      Tests  2 failed | 1865 passed (1867)
   Start at  01:39:17
   Duration  209.64s (transform 15.52s, setup 0ms, import 121.74s, tests 231.16s, environment 32ms)
