{
  "errors": [],
  "checks": [],
  "timing": {
    "reelMs": 2800,
    "waitMinMs": 7000,
    "waitMaxMs": 28000
  },
  "aimTrials": [
    {
      "pitch": 0.8,
      "from": {
        "x": 14535.81984419779,
        "y": 23599.999799613233,
        "z": 246.3042185619556
      },
      "launch": {
        "x": -243.84242179566786,
        "y": -0.011689228069493003,
        "z": 251.07941611407648
      },
      "flight": {
        "x": 14458.603077295838,
        "y": 23599.996098024374,
        "z": 314.2807558869681,
        "phase": "casting"
      }
    },
    {
      "pitch": 1.35,
      "from": {
        "x": 14538.685883592405,
        "y": 23599.999937004373,
        "z": 247.85432302348633
      },
      "launch": {
        "x": -76.65679044302321,
        "y": -0.003674744943743621,
        "z": 341.5021763700353
      },
      "flight": {
        "x": 14514.411233285451,
        "y": 23599.998773335094,
        "z": 344.4647344295531,
        "phase": "casting"
      }
    },
    {
      "pitch": -0.8,
      "from": {
        "x": 14535.81984419779,
        "y": 23599.999799613233,
        "z": 237.6957814380444
      },
      "launch": {
        "x": -243.84242179566778,
        "y": -0.011689228069492998,
        "z": -251.07941611407657
      },
      "flight": {
        "x": 14466.097215684249,
        "y": 23599.996457275614,
        "z": 156.5,
        "phase": "waiting"
      }
    }
  ]
}
